[Bootstrap]
SetupTitle=Install
SetupText=Copying Files, please stand by.
CabFile=Etiquetastst.CAB
Spawn=Setup1.exe
Uninstal=st6unst.exe
TmpDir=msftqws.pdw
Cabs=1

[Bootstrap Files]
File1=@VB6STKIT.DLL,$(WinSysPathSysFile),,,7/14/00 11:00:00 PM,101888,6.0.84.50
File2=@COMCAT.DLL,$(WinSysPathSysFile),$(DLLSelfRegister),,5/30/98 11:00:00 PM,22288,4.71.1460.1
File3=@OLEPRO32.DLL,$(WinSysPathSysFile),$(DLLSelfRegister),,3/7/99 11:00:00 PM,164112,5.0.4275.1
File4=@STDOLE2.TLB,$(WinSysPathSysFile),$(TLBRegister),,6/2/99 11:00:00 PM,17920,2.40.4275.1
File5=@ASYCFILT.DLL,$(WinSysPathSysFile),,,3/7/99 11:00:00 PM,147728,2.40.4275.1
File6=@OLEAUT32.DLL,$(WinSysPathSysFile),$(DLLSelfRegister),,4/11/00 11:00:00 PM,598288,2.40.4275.1
File7=@msvbvm60.dll,$(WinSysPathSysFile),$(DLLSelfRegister),,4/14/08 11:00:00 AM,1384479,6.0.98.2

[IconGroups]
Group0=Etiquetas
PrivateGroup0=-1
Parent0=$(Programs)

[Etiquetas]
Icon1="Etiquetas.exe"
Title1=Etiquetas
StartIn1=$(AppPath)

[Setup]
Title=Etiquetas
DefaultDir=$(ProgramFiles)\Etiquetas
AppExe=Etiquetastst.exe
AppToUninstall=Etiquetastst.exe

[Setup1 Files]
File1=@Etiq.mdb,$(AppPath),,,6/7/16 11:53:54 AM,417792,0.0.0.0
File2=@param.txt,$(AppPath),,,1/28/16 10:50:44 AM,1580,0.0.0.0
File3=@MDAC_TYP.EXE,$(AppPath),,,6/25/98 11:00:00 PM,8124720,4.71.1015.0
File4=@Comctl32.ocx,$(WinSysPath),$(DLLSelfRegister),$(Shared),6/23/98 11:00:00 PM,609584,6.0.80.22
File5=@MSCOMCT2.OCX,$(WinSysPath),$(DLLSelfRegister),$(Shared),3/8/04 11:00:00 PM,662288,6.1.97.82
File6=@MSFLXGRD.OCX,$(WinSysPath),$(DLLSelfRegister),$(Shared),3/8/04 11:00:00 PM,260880,6.1.97.82
File7=@MSMASK32.OCX,$(WinSysPath),$(DLLSelfRegister),$(Shared),3/8/04 11:00:00 PM,167968,6.0.84.18
File8=@MSCOMCTL.OCX,$(WinSysPath),$(DLLSelfRegister),$(Shared),3/31/14 10:46:48 PM,1070232,6.1.98.39
File9=@keycode.dll,$(CommonFiles)\Crystal Decisions\2.0\bin,$(dllSelfRegister),$(Shared),11/14/02 11:13:22 PM,221184,9.0.0.281
File10=@u2ddisk.dll,$(CommonFiles)\Crystal Decisions\2.0\bin,,$(Shared),11/14/02 7:41:44 PM,49152,9.2.0.542
File11=@u2ftext.dll,$(CommonFiles)\Crystal Decisions\2.0\bin,,$(Shared),11/14/02 7:40:22 PM,155648,9.2.0.553
File12=@crtslv.dll,$(CommonFiles)\Crystal Decisions\2.0\bin,$(dllSelfRegister),$(Shared),11/14/02 11:11:08 PM,30793,9.2.1.142
File13=@ExportModeller.dll,$(CommonFiles)\Crystal Decisions\2.0\bin,$(dllSelfRegister),$(Shared),11/14/02 7:38:16 PM,495688,9.2.0.559
File14=@crxf_pdf.dll,$(CommonFiles)\Crystal Decisions\2.0\bin,,$(Shared),11/14/02 7:38:34 PM,389175,9.2.0.565
File15=@crxf_xls.dll,$(CommonFiles)\Crystal Decisions\2.0\bin,,$(Shared),11/14/02 7:39:32 PM,458819,9.2.0.660
File16=@crxf_wordw.dll,$(CommonFiles)\Crystal Decisions\2.0\bin,,$(Shared),11/14/02 7:38:54 PM,163897,9.2.0.567
File17=@crxf_rtf.dll,$(CommonFiles)\Crystal Decisions\2.0\bin,,$(Shared),11/14/02 7:38:44 PM,163895,9.2.0.567
File18=@querybuilder.dll,$(CommonFiles)\Crystal Decisions\2.0\bin,,$(Shared),12/29/02 7:45:44 PM,176199,9.2.0.511
File19=@crdb_odbc.dll,$(CommonFiles)\Crystal Decisions\2.0\bin,,$(Shared),12/29/02 7:48:16 PM,382028,9.2.0.581
File20=@crdb_dao.dll,$(CommonFiles)\Crystal Decisions\2.0\bin,,$(Shared),11/14/02 7:44:34 PM,217152,9.2.0.493
File21=@crdb_ado.dll,$(CommonFiles)\Crystal Decisions\2.0\bin,,$(Shared),12/29/02 7:46:24 PM,372800,9.2.0.523
File22=@crqe.dll,$(CommonFiles)\Crystal Decisions\2.0\bin,$(dllSelfRegister),$(Shared),1/9/03 8:15:44 PM,1433673,9.2.0.595
File23=@Implode.dll,$(CommonFiles)\Crystal Decisions\2.0\bin,,$(Shared),12/1/96 7:00:00 PM,18944,1.0.0.1
File24=@sscsdk80.dll,$(CommonFiles)\Crystal Decisions\2.0\bin,,$(Shared),9/6/02 11:59:02 AM,1269760,2.3.6.11
File25=@u25samp1.dll,$(CommonFiles)\Crystal Decisions\2.0\bin,,$(Shared),11/15/02 1:23:40 AM,24576,9.2.2.15
File26=@u25dts.dll,$(CommonFiles)\Crystal Decisions\2.0\bin,,$(Shared),11/15/02 1:23:06 AM,24576,9.2.2.8
File27=@u252000.dll,$(CommonFiles)\Crystal Decisions\2.0\bin,,$(Shared),11/15/02 1:22:56 AM,24576,9.2.2.7
File28=@u2lfinra.dll,$(CommonFiles)\Crystal Decisions\2.0\bin,,$(Shared),11/15/02 1:23:30 AM,69632,9.2.2.4
File29=@u2lexch.dll,$(CommonFiles)\Crystal Decisions\2.0\bin,,$(Shared),11/15/02 1:23:22 AM,28672,9.2.2.16
File30=@u2ldts.dll,$(CommonFiles)\Crystal Decisions\2.0\bin,,$(Shared),11/15/02 1:23:14 AM,24576,9.2.2.5
File31=@u2lcom.dll,$(CommonFiles)\Crystal Decisions\2.0\bin,,$(Shared),11/15/02 1:22:20 AM,106496,9.2.2.5
File32=@u2l2000.dll,$(CommonFiles)\Crystal Decisions\2.0\bin,,$(Shared),11/15/02 1:22:28 AM,24576,9.2.2.8
File33=@ufmanager.dll,$(CommonFiles)\Crystal Decisions\2.0\bin,,$(Shared),11/15/02 1:25:18 AM,225280,9.0.0.1
File34=@crtowords_en.dll,$(CommonFiles)\Crystal Decisions\2.0\bin,,$(Shared),11/15/02 1:23:48 AM,24576,9.2.2.14
File35=@MSVCRT.DLL,$(WinSysPathSysFile),,,2/16/04 11:00:00 PM,278581,6.0.9782.0
File36=@craxdrt9.dll,$(CommonFiles)\Crystal Decisions\2.0\bin,$(dllSelfRegister),$(Shared),1/15/03 8:25:06 AM,6152257,9.2.2.634
File37=@crviewer9.dll,$(CommonFiles)\Crystal Decisions\2.0\bin,$(DLLSelfRegister),$(Shared),12/18/02 11:04:48 PM,772840,9.2.1.175
File38=@msxml3.dll,$(WinSysPath),$(DLLSelfRegister),$(Shared),12/5/13 8:25:58 AM,1172992,8.100.1054.0
File39=@scrrun.dll,$(WinSysPath),$(DLLSelfRegister),$(Shared),10/23/13 8:45:19 PM,172032,5.7.6002.18960
File40=@MSDERUN.DLL,$(CommonFiles)\designer,$(DLLSelfRegister),$(Shared),7/14/00 11:00:00 PM,136192,6.0.88.4
File41=@MSSTDFMT.DLL,$(WinSysPath),$(DLLSelfRegister),$(Shared),3/31/14 10:46:48 PM,130712,6.1.98.39
File42=@Etiquetastst.exe,$(AppPath),,,6/7/16 2:07:43 PM,2052096,1.0.0.225

; The following lines may be deleted in order to obtain extra 
; space for customizing this file on a full installation diskette.
; 
; XXXXXXXXXXXXXXXXXXXXXXXXXXXXXXXXXXXXXXXXXXXXXXXXXXXXXXXXXXXX
; XXXXXXXXXXXXXXXXXXXXXXXXXXXXXXXXXXXXXXXXXXXXXXXXXXXXXXXXXXXX
; XXXXXXXXXXXXXXXXXXXXXXXXXXXXXXXXXXXXXXXXXXXXXXXXXXXXXXXXXXXX
; XXXXXXXXXXXXXXXXXXXXXXXXXXXXXXXXXXXXXXXXXXXXXXXXXXXXXXXXXXXX
; XXXXXXXXXXXXXXXXXXXXXXXXXXXXXXXXXXXXXXXXXXXXXXXXXXXXXXXXXXXX
; XXXXXXXXXXXXXXXXXXXXXXXXXXXXXXXXXXXXXXXXXXXXXXXXXXXXXXXXXXXX
; XXXXXXXXXXXXXXXXXXXXXXXXXXXXXXXXXXXXXXXXXXXXXXXXXXXXXXXXXXXX
; XXXXXXXXXXXXXXXXXXXXXXXXXXXXXXXXXXXXXXXXXXXXXXXXXXXXXXXXXXXX
; XXXXXXXXXXXXXXXXXXXXXXXXXXXXXXXXXXXXXXXXXXXXXXXXXXXXXXXXXXXX
; XXXXXXXXXXXXXXXXXXXXXXXXXXXXXXXXXXXXXXXXXXXXXXXXXXXXXXXXXXXX
; XXXXXXXXXXXXXXXXXXXXXXXXXXXXXXXXXXXXXXXXXXXXXXXXXXXXXXXXXXXX
; XXXXXXXXXXXXXXXXXXXXXXXXXXXXXXXXXXXXXXXXXXXXXXXXXXXXXXXXXXXX
; XXXXXXXXXXXXXXXXXXXXXXXXXXXXXXXXXXXXXXXXXXXXXXXXXXXXXXXXXXXX
; XXXXXXXXXXXXXXXXXXXXXXXXXXXXXXXXXXXXXXXXXXXXXXXXXXXXXXXXXXXX
; XXXXXXXXXXXXXXXXXXXXXXXXXXXXXXXXXXXXXXXXXXXXXXXXXXXXXXXXXXXX
; XXXXXXXXXXXXXXXXXXXXXXXXXXXXXXXXXXXXXXXXXXXXXXXXXXXXXXXXXXXX
; XXXXXXXXXXXXXXXXXXXXXXXXXXXXXXXXXXXXXXXXXXXXXXXXXXXXXXXXXXXX
; XXXXXXXXXXXXXXXXXXXXXXXXXXXXXXXXXXXXXXXXXXXXXXXXXXXXXXXXXXXX
; XXXXXXXXXXXXXXXXXXXXXXXXXXXXXXXXXXXXXXXXXXXXXXXXXXXXXXXXXXXX
; XXXXXXXXXXXXXXXXXXXXXXXXXXXXXXXXXXXXXXXXXXXXXXXXXXXXXXXXXXXX
; XXXXXXXXXXXXXXXXXXXXXXXXXXXXXXXXXXXXXXXXXXXXXXXXXXXXXXXXXXXX
; XXXXXXXXXXXXXXXXXXXXXXXXXXXXXXXXXXXXXXXXXXXXXXXXXXXXXXXXXXXX
; XXXXXXXXXXXXXXXXXXXXXXXXXXXXXXXXXXXXXXXXXXXXXXXXXXXXXXXXXXXX
; XXXXXXXXXXXXXXXXXXXXXXXXXXXXXXXXXXXXXXXXXXXXXXXXXXXXXXXXXXXX
; XXXXXXXXXXXXXXXXXXXXXXXXXXXXXXXXXXXXXXXXXXXXXXXXXXXXXXXXXXXX
; XXXXXXXXXXXXXXXXXXXXXXXXXXXXXXXXXXXXXXXXXXXXXXXXXXXXXXXXXXXX
; XXXXXXXXXXXXXXXXXXXXXXXXXXXXXXXXXXXXXXXXXXXXXXXXXXXXXXXXXXXX
; XXXXXXXXXXXXXXXXXXXXXXXXXXXXXXXXXXXXXXXXXXXXXXXXXXXXXXXXXXXX
; XXXXXXXXXXXXXXXXXXXXXXXXXXXXXXXXXXXXXXXXXXXXXXXXXXXXXXXXXXXX
; XXXXXXXXXXXXXXXXXXXXXXXXXXXXXXXXXXXXXXXXXXXXXXXXXXXXXXXXXXXX
; XXXXXXXXXXXXXXXXXXXXXXXXXXXXXXXXXXXXXXXXXXXXXXXXXXXXXXXXXXXX
; XXXXXXXXXXXXXXXXXXXXXXXXXXXXXXXXXXXXXXXXXXXXXXXXXXXXXXXXXXXX
; XXXXXXXXXXXXXXXXXXXXXXXXXXXXXXXXXXXXXXXXXXXXXXXXXXXXXXXXXXXX
; XXXXXXXXXXXXXXXXXXXXXXXXXXXXXXXXXXXXXXXXXXXXXXXXXXXXXXXXXXXX
; XXXXXXXXXXXXXXXXXXXXXXXXXXXXXXXXXXXXXXXXXXXXXXXXXXXXXXXXXXXX
